[html.kodesolution.com/2024/sotech-html/index-4.html]
[backblue.gif]
[fade.gif]
[index.html]
[html.kodesolution.com/2024/sotech-html/css/bootstrap.min.css]
[html.kodesolution.com/2024/sotech-html/css/style.css]
[html.kodesolution.com/2024/sotech-html/images/favicon.png]
[html.kodesolution.com/2024/sotech-html/index.html]
[html.kodesolution.com/2024/sotech-html/images/logo.png]
[html.kodesolution.com/2024/sotech-html/index-2.html]
[html.kodesolution.com/2024/sotech-html/index-3.html]
[html.kodesolution.com/2024/sotech-html/index-red.html]
[html.kodesolution.com/2024/sotech-html/index-2-red.html]
[html.kodesolution.com/2024/sotech-html/index-3-red.html]
[html.kodesolution.com/2024/sotech-html/index-4-red.html]
[html.kodesolution.com/2024/sotech-html/index-yellow.html]
[html.kodesolution.com/2024/sotech-html/index-2-yellow.html]
[html.kodesolution.com/2024/sotech-html/index-3-yellow.html]
[html.kodesolution.com/2024/sotech-html/index-4-yellow.html]
[html.kodesolution.com/2024/sotech-html/index-dark.html]
[html.kodesolution.com/2024/sotech-html/index-2-dark.html]
[html.kodesolution.com/2024/sotech-html/index-3-dark.html]
[html.kodesolution.com/2024/sotech-html/index-4-dark.html]
[html.kodesolution.com/2024/sotech-html/index-single.html]
[html.kodesolution.com/2024/sotech-html/index-2-single.html]
[html.kodesolution.com/2024/sotech-html/index-3-single.html]
[html.kodesolution.com/2024/sotech-html/index-4-single.html]
[html.kodesolution.com/2024/sotech-html/index-1-rtl.html]
[html.kodesolution.com/2024/sotech-html/intro.html]
[html.kodesolution.com/2024/sotech-html/page-about.html]
[html.kodesolution.com/2024/sotech-html/page-projects.html]
[html.kodesolution.com/2024/sotech-html/page-project-details.html]
[html.kodesolution.com/2024/sotech-html/page-team.html]
[html.kodesolution.com/2024/sotech-html/page-team-details.html]
[html.kodesolution.com/2024/sotech-html/page-testimonial.html]
[html.kodesolution.com/2024/sotech-html/page-pricing.html]
[html.kodesolution.com/2024/sotech-html/page-pricing-switcher.html]
[html.kodesolution.com/2024/sotech-html/page-faq.html]
[html.kodesolution.com/2024/sotech-html/page-404.html]
[html.kodesolution.com/2024/sotech-html/page-services.html]
[html.kodesolution.com/2024/sotech-html/page-service-details.html]
[html.kodesolution.com/2024/sotech-html/shop-products.html]
[html.kodesolution.com/2024/sotech-html/shop-products-sidebar.html]
[html.kodesolution.com/2024/sotech-html/shop-product-details.html]
[html.kodesolution.com/2024/sotech-html/shop-cart.html]
[html.kodesolution.com/2024/sotech-html/shop-checkout.html]
[html.kodesolution.com/2024/sotech-html/news-grid.html]
[html.kodesolution.com/2024/sotech-html/news-details.html]
[html.kodesolution.com/2024/sotech-html/page-contact.html]
[html.kodesolution.com/2024/sotech-html/images/logo-2.png]
[html.kodesolution.com/2024/sotech-html/images/main-slider/1.jpg]
[html.kodesolution.com/2024/sotech-html/images/main-slider/s4-2.jpg]
[html.kodesolution.com/2024/sotech-html/images/resource/client-1.png]
[html.kodesolution.com/2024/sotech-html/images/resource/client-2.png]
[html.kodesolution.com/2024/sotech-html/images/resource/client-3.png]
[html.kodesolution.com/2024/sotech-html/images/resource/client-4.png]
[html.kodesolution.com/2024/sotech-html/images/resource/client-5.png]
[html.kodesolution.com/2024/sotech-html/images/resource/thumb-3.png]
[html.kodesolution.com/2024/sotech-html/images/resource/about-14.jpg]
[html.kodesolution.com/2024/sotech-html/images/resource/project-8.jpg]
[html.kodesolution.com/2024/sotech-html/images/resource/project-9.jpg]
[html.kodesolution.com/2024/sotech-html/images/resource/project-10.jpg]
[html.kodesolution.com/2024/sotech-html/images/resource/project-11.jpg]
[html.kodesolution.com/2024/sotech-html/images/resource/project-12.jpg]
[html.kodesolution.com/2024/sotech-html/images/resource/why-us-6.jpg]
[html.kodesolution.com/2024/sotech-html/images/icons/checked.png]
[html.kodesolution.com/2024/sotech-html/images/background/12.jpg]
[html.kodesolution.com/2024/sotech-html/images/resource/image-5.jpg]
[html.kodesolution.com/2024/sotech-html/images/resource/team1-1.jpg]
[html.kodesolution.com/2024/sotech-html/images/resource/team1-2.jpg]
[html.kodesolution.com/2024/sotech-html/images/resource/team1-3.jpg]
[html.kodesolution.com/2024/sotech-html/images/resource/team1-4.jpg]
[html.kodesolution.com/2024/sotech-html/images/resource/expert-group.png]
[html.kodesolution.com/2024/sotech-html/images/resource/news-1.jpg]
[html.kodesolution.com/2024/sotech-html/images/resource/news-2.jpg]
[html.kodesolution.com/2024/sotech-html/images/resource/news-3.jpg]
[html.kodesolution.com/2024/sotech-html/images/background/8.jpg]
[html.kodesolution.com/2024/sotech-html/images/resource/project-thumb-1.jpg]
[html.kodesolution.com/2024/sotech-html/images/resource/project-thumb-2.jpg]
[html.kodesolution.com/2024/sotech-html/images/resource/project-thumb-3.jpg]
[html.kodesolution.com/2024/sotech-html/images/resource/project-thumb-4.jpg]
[html.kodesolution.com/2024/sotech-html/images/resource/project-thumb-5.jpg]
[html.kodesolution.com/2024/sotech-html/images/resource/project-thumb-6.jpg]
[html.kodesolution.com/cdn-cgi/scripts/5c5dd728/cloudflare-static/email-decode.min.js]
[html.kodesolution.com/2024/sotech-html/js/jquery.js]
[html.kodesolution.com/2024/sotech-html/js/popper.min.js]
[html.kodesolution.com/2024/sotech-html/js/bootstrap.min.js]
[html.kodesolution.com/2024/sotech-html/js/jquery.fancybox.js]
[html.kodesolution.com/2024/sotech-html/js/jquery-ui.js]
[html.kodesolution.com/2024/sotech-html/js/wow.js]
[html.kodesolution.com/2024/sotech-html/js/appear.js]
[html.kodesolution.com/2024/sotech-html/js/select2.min.js]
[html.kodesolution.com/2024/sotech-html/js/swiper.min.js]
[html.kodesolution.com/2024/sotech-html/js/owl.js]
[html.kodesolution.com/2024/sotech-html/index-4.html]
[html.kodesolution.com/2024/sotech-html/css/bootstrap.min.css]
[html.kodesolution.com/2024/sotech-html/js/script.js]
[html.kodesolution.com/2024/sotech-html/css/animate.css]
[html.kodesolution.com/2024/sotech-html/css/owl.css]
[html.kodesolution.com/2024/sotech-html/css/swiper.min.css]
[html.kodesolution.com/2024/sotech-html/css/jquery.fancybox.min.css]
[html.kodesolution.com/2024/sotech-html/css/jquery-ui.css]
[html.kodesolution.com/2024/sotech-html/css/linear.css]
[html.kodesolution.com/2024/sotech-html/css/select2.min.css]
[html.kodesolution.com/2024/sotech-html/css/fontawesome-all.css]
[html.kodesolution.com/2024/sotech-html/css/flaticon.css]
[html.kodesolution.com/2024/sotech-html/css/tm-bs-mp.css]
[html.kodesolution.com/2024/sotech-html/css/tm-utility-classes.css]
[html.kodesolution.com/2024/sotech-html/images/icons/icon-dots.png]
[html.kodesolution.com/2024/sotech-html/images/icons/icon-lines.png]
[html.kodesolution.com/2024/sotech-html/images/icons/icon-quote.png]
[html.kodesolution.com/2024/sotech-html/images/main-slider/shape-1.png]
[html.kodesolution.com/2024/sotech-html/images/main-slider/s3-shape-1.png]
[html.kodesolution.com/2024/sotech-html/images/main-slider/shape-2.png]
[html.kodesolution.com/2024/sotech-html/images/main-slider/shape-3.png]
[html.kodesolution.com/2024/sotech-html/images/main-slider/s2-shape-3.png]
[html.kodesolution.com/2024/sotech-html/images/main-slider/s1-shape-1.png]
[html.kodesolution.com/2024/sotech-html/images/icons/shape-1.jpg]
[html.kodesolution.com/2024/sotech-html/images/icons/bg-shape-tm-1.png]
[html.kodesolution.com/2024/sotech-html/images/icons/shape-tm-1.png]
[html.kodesolution.com/2024/sotech-html/images/icons/shape-tm-1-hover.png]
[html.kodesolution.com/2024/sotech-html/images/icons/shape-7.jpg]
[html.kodesolution.com/2024/sotech-html/images/icons/icon-lines-2.png]
[html.kodesolution.com/2024/sotech-html/images/resource/feature-bg.jpg]
[html.kodesolution.com/2024/sotech-html/images/icons/shape-tm-9.png]
[html.kodesolution.com/2024/sotech-html/images/icons/pattern-22.jpg]
[html.kodesolution.com/2024/sotech-html/images/icons/shape-tm-4.png]
[html.kodesolution.com/2024/sotech-html/images/background/11.jpg]
[html.kodesolution.com/2024/sotech-html/images/icons/pattern-25.png]
[html.kodesolution.com/2024/sotech-html/images/icons/arrow-top.png]
[html.kodesolution.com/2024/sotech-html/images/icons/arrow-bottom.png]
[html.kodesolution.com/2024/sotech-html/images/icons/icon-dots-3.png]
[html.kodesolution.com/2024/sotech-html/images/icons/shape-tm-6.png]
[html.kodesolution.com/2024/sotech-html/images/icons/pattern-7.png]
[html.kodesolution.com/2024/sotech-html/images/icons/icon-dots-2.png]
[html.kodesolution.com/2024/sotech-html/images/icons/bg-shape-tm-3.png]
[html.kodesolution.com/2024/sotech-html/images/icons/shape-tm-20.png]
[html.kodesolution.com/2024/sotech-html/images/resource/image-7.jpg]
[html.kodesolution.com/2024/sotech-html/images/icons/shape-tm-15.png]
[html.kodesolution.com/2024/sotech-html/images/icons/shape-tm-16.png]
[html.kodesolution.com/2024/sotech-html/images/icons/shape-tm-17.png]
[html.kodesolution.com/2024/sotech-html/images/icons/bg-shape-tm-6.png]
[html.kodesolution.com/2024/sotech-html/images/icons/pattern-10.jpg]
[html.kodesolution.com/2024/sotech-html/images/icons/icon-lines-3.png]
[html.kodesolution.com/2024/sotech-html/images/icons/shape-11.png]
[html.kodesolution.com/2024/sotech-html/images/icons/bg-shape-tm-2.png]
[html.kodesolution.com/2024/sotech-html/images/icons/shape-tm-14-old.jpg]
[html.kodesolution.com/2024/sotech-html/images/icons/shape-3.png]
[html.kodesolution.com/2024/sotech-html/images/icons/icon-shpae.png]
[html.kodesolution.com/2024/sotech-html/images/icons/bg-shape-tm-7.png]
[html.kodesolution.com/2024/sotech-html/images/icons/shape-9.png]
[html.kodesolution.com/2024/sotech-html/images/icons/shape-8.png]
[html.kodesolution.com/2024/sotech-html/images/icons/pattern-3.jpg]
[html.kodesolution.com/2024/sotech-html/images/background/9.jpg]
[html.kodesolution.com/2024/sotech-html/images/icons/shape-tm-3.png]
[html.kodesolution.com/2024/sotech-html/images/icons/pattern-21.png]
[html.kodesolution.com/2024/sotech-html/images/icons/icon-lines-5.png]
[html.kodesolution.com/2024/sotech-html/images/icons/shape-10.png]
[html.kodesolution.com/2024/sotech-html/images/icons/pattern-1.png]
[html.kodesolution.com/2024/sotech-html/images/icons/pattern-9.jpg]
[html.kodesolution.com/2024/sotech-html/images/icons/pattern-14.jpg]
[html.kodesolution.com/2024/sotech-html/images/icons/pattern-tm-3.jpg]
[html.kodesolution.com/2024/sotech-html/images/icons/pattern-tm-1.png]
[html.kodesolution.com/2024/sotech-html/images/icons/pattern-13.png]
[html.kodesolution.com/2024/sotech-html/images/icons/pattern-15.jpg]
[html.kodesolution.com/2024/sotech-html/images/icons/icon-lines-4.png]
[html.kodesolution.com/2024/sotech-html/images/icons/shape-12.png]
[html.kodesolution.com/2024/sotech-html/images/icons/quote-icon.png]
[html.kodesolution.com/2024/sotech-html/images/icons/dotted-map-4.png]
[html.kodesolution.com/2024/sotech-html/images/icons/pattern-11.png]
[html.kodesolution.com/2024/sotech-html/images/icons/pattern-tm-2.png]
[html.kodesolution.com/2024/sotech-html/images/icons/pattern-19.png]
[html.kodesolution.com/2024/sotech-html/images/icons/dotted-map-5.png]
[html.kodesolution.com/2024/sotech-html/images/icons/dotted-map-3.png]
[html.kodesolution.com/2024/sotech-html/images/app3/pric-bg-globe-gray.png]
[html.kodesolution.com/2024/sotech-html/images/icons/pattern-tm-4.jpg]
[html.kodesolution.com/2024/sotech-html/images/icons/shape-tm-13.png]
[html.kodesolution.com/2024/sotech-html/images/icons/shape-tm-11.png]
[html.kodesolution.com/2024/sotech-html/images/icons/dotted-map-2.png]
[html.kodesolution.com/2024/sotech-html/images/icons/shape-tm-7.png]
[html.kodesolution.com/2024/sotech-html/images/icons/bg-shape-tm-5.png]
[html.kodesolution.com/2024/sotech-html/images/resource/image-8.png]
[html.kodesolution.com/2024/sotech-html/images/icons/shape-tm-12.png]
[html.kodesolution.com/2024/sotech-html/images/resource/image-9.png]
[html.kodesolution.com/2024/sotech-html/images/icons/shape-tm-18.png]
[html.kodesolution.com/2024/sotech-html/images/icons/shape-tm-19.png]
[html.kodesolution.com/2024/sotech-html/images/icons/pattern-23.jpg]
[html.kodesolution.com/2024/sotech-html/images/icons/shape-tm-8.png]
[html.kodesolution.com/2024/sotech-html/images/icons/pattern-24.jpg]
[html.kodesolution.com/2024/sotech-html/images/icons/pattern-3.png]
[html.kodesolution.com/2024/sotech-html/images/icons/cat-1-bg.png]
[html.kodesolution.com/2024/sotech-html/images/icons/cat-2-bg.png]
[html.kodesolution.com/2024/sotech-html/images/icons/cat-3-bg.png]
[html.kodesolution.com/2024/sotech-html/images/icons/cat-4-bg.png]
[html.kodesolution.com/2024/sotech-html/images/icons/pattern-8.png]
[html.kodesolution.com/2024/sotech-html/images/icons/shape-7.png]
[html.kodesolution.com/2024/sotech-html/css/style.css]
[html.kodesolution.com/2024/sotech-html/plugins/revolution/css/settings.css]
[html.kodesolution.com/2024/sotech-html/plugins/revolution/css/layers.css]
[html.kodesolution.com/2024/sotech-html/plugins/revolution/css/navigation.css]
[html.kodesolution.com/2024/sotech-html/images/main-slider/s1-1.jpg]
[html.kodesolution.com/2024/sotech-html/images/main-slider/s1-2.jpg]
[html.kodesolution.com/2024/sotech-html/images/resource/thumb-2.png]
[html.kodesolution.com/2024/sotech-html/images/resource/about-1.jpg]
[html.kodesolution.com/2024/sotech-html/images/resource/about-2.jpg]
[html.kodesolution.com/2024/sotech-html/images/background/6.jpg]
[html.kodesolution.com/2024/sotech-html/images/icons/shape-tm-2.jpg]
[html.kodesolution.com/2024/sotech-html/images/resource/project-1.jpg]
[html.kodesolution.com/2024/sotech-html/images/resource/project-2.jpg]
[html.kodesolution.com/2024/sotech-html/images/resource/project-3.jpg]
[html.kodesolution.com/2024/sotech-html/images/resource/project-4.jpg]
[html.kodesolution.com/2024/sotech-html/images/resource/testi-thumb-1.jpg]
[html.kodesolution.com/2024/sotech-html/images/resource/testi-thumb-2.jpg]
[html.kodesolution.com/2024/sotech-html/images/resource/testi-thumb-3.jpg]
[html.kodesolution.com/2024/sotech-html/images/background/7.jpg]
[html.kodesolution.com/2024/sotech-html/images/resource/image-4.jpg]
[html.kodesolution.com/2024/sotech-html/plugins/revolution/js/jquery.themepunch.revolution.min.js]
[html.kodesolution.com/2024/sotech-html/plugins/revolution/js/jquery.themepunch.tools.min.js]
[html.kodesolution.com/2024/sotech-html/plugins/revolution/js/extensions/revolution.extension.actions.min.js]
[html.kodesolution.com/2024/sotech-html/plugins/revolution/js/extensions/revolution.extension.carousel.min.js]
[html.kodesolution.com/2024/sotech-html/plugins/revolution/js/extensions/revolution.extension.kenburn.min.js]
[html.kodesolution.com/2024/sotech-html/plugins/revolution/js/extensions/revolution.extension.layeranimation.min.js]
[html.kodesolution.com/2024/sotech-html/plugins/revolution/js/extensions/revolution.extension.migration.min.js]
[html.kodesolution.com/2024/sotech-html/plugins/revolution/js/extensions/revolution.extension.navigation.min.js]
[html.kodesolution.com/2024/sotech-html/plugins/revolution/js/extensions/revolution.extension.parallax.min.js]
[html.kodesolution.com/2024/sotech-html/plugins/revolution/js/extensions/revolution.extension.slideanims.min.js]
[html.kodesolution.com/2024/sotech-html/plugins/revolution/js/extensions/revolution.extension.video.min.js]
[html.kodesolution.com/2024/sotech-html/index.html]
[html.kodesolution.com/2024/sotech-html/js/main-slider-script.js]
[html.kodesolution.com/2024/sotech-html/images/main-slider/s2-1.jpg]
[html.kodesolution.com/2024/sotech-html/images/main-slider/s2-shape-1.png]
[html.kodesolution.com/2024/sotech-html/images/main-slider/s2-2.jpg]
[html.kodesolution.com/2024/sotech-html/images/resource/about-5.jpg]
[html.kodesolution.com/2024/sotech-html/images/resource/about-6.jpg]
[html.kodesolution.com/2024/sotech-html/images/resource/testimonial-1.png]
[html.kodesolution.com/2024/sotech-html/images/resource/image-6.jpg]
[html.kodesolution.com/2024/sotech-html/images/icons/icon-arrow.png]
[html.kodesolution.com/2024/sotech-html/images/icons/shape-tm-5.png]
[html.kodesolution.com/2024/sotech-html/images/resource/work-2.jpg]
[html.kodesolution.com/2024/sotech-html/images/resource/thumb-1.jpg]
[html.kodesolution.com/2024/sotech-html/images/resource/about-7.jpg]
[html.kodesolution.com/2024/sotech-html/images/resource/about-8.jpg]
[html.kodesolution.com/2024/sotech-html/images/resource/icon-logo-3.png]
[html.kodesolution.com/2024/sotech-html/images/resource/contact.jpg]
[html.kodesolution.com/2024/sotech-html/images/resource/feature-bg-1.jpg]
[html.kodesolution.com/2024/sotech-html/images/resource/feature-bg-2.jpg]
[html.kodesolution.com/2024/sotech-html/images/resource/news-4.jpg]
[html.kodesolution.com/2024/sotech-html/images/resource/news-5.jpg]
[html.kodesolution.com/2024/sotech-html/images/resource/news-6.jpg]
[html.kodesolution.com/2024/sotech-html/images/background/10.png]
[html.kodesolution.com/2024/sotech-html/index-2.html]
[html.kodesolution.com/2024/sotech-html/images/resource/icon-logo-4.png]
[html.kodesolution.com/2024/sotech-html/images/main-slider/s3-1.jpg]
[html.kodesolution.com/2024/sotech-html/images/main-slider/s3-2.jpg]
[html.kodesolution.com/2024/sotech-html/images/resource/about3-1.png]
[html.kodesolution.com/2024/sotech-html/images/resource/about3-2.png]
[html.kodesolution.com/2024/sotech-html/images/resource/industries.jpg]
[html.kodesolution.com/2024/sotech-html/images/resource/team-4.jpg]
[html.kodesolution.com/2024/sotech-html/images/resource/team-5.jpg]
[html.kodesolution.com/2024/sotech-html/images/resource/team-6.jpg]
[html.kodesolution.com/2024/sotech-html/images/resource/team-7.jpg]
[html.kodesolution.com/2024/sotech-html/images/icons/shape-tm-10.jpg]
[html.kodesolution.com/2024/sotech-html/images/resource/feature-4.jpg]
[html.kodesolution.com/2024/sotech-html/images/resource/why-us-3.jpg]
[html.kodesolution.com/2024/sotech-html/images/background/4.jpg]
[html.kodesolution.com/2024/sotech-html/index-3.html]
[html.kodesolution.com/2024/sotech-html/css/style-color-red.css]
[html.kodesolution.com/2024/sotech-html/images/favicon-red.png]
[html.kodesolution.com/2024/sotech-html/images/logo-red.png]
[html.kodesolution.com/2024/sotech-html/images/logo-2-red.png]
[html.kodesolution.com/2024/sotech-html/images/background/8-red.png]
[html.kodesolution.com/2024/sotech-html/index-red.html]
[html.kodesolution.com/2024/sotech-html/images/main-slider/s2-shape-1-red.png]
[html.kodesolution.com/2024/sotech-html/images/resource/icon-logo-3-red.png]
[html.kodesolution.com/2024/sotech-html/images/background/10-red.png]
[html.kodesolution.com/2024/sotech-html/images/resource/icon-logo-4-red.png]
[html.kodesolution.com/2024/sotech-html/index-2-red.html]
[html.kodesolution.com/2024/sotech-html/index-3-red.html]
[html.kodesolution.com/2024/sotech-html/images/icons/checked-red.png]
[html.kodesolution.com/2024/sotech-html/index-4-red.html]
[html.kodesolution.com/2024/sotech-html/css/style-color-yellow.css]
[html.kodesolution.com/2024/sotech-html/images/favicon-yellow.png]
[html.kodesolution.com/2024/sotech-html/images/logo-yellow.png]
[html.kodesolution.com/2024/sotech-html/images/logo-2-yellow.png]
[html.kodesolution.com/2024/sotech-html/images/background/8-yellow.png]
[html.kodesolution.com/2024/sotech-html/index-yellow.html]
[html.kodesolution.com/2024/sotech-html/images/main-slider/s2-shape-1-yellow.png]
[html.kodesolution.com/2024/sotech-html/images/resource/icon-logo-3-yellow.png]
[html.kodesolution.com/2024/sotech-html/images/background/10-yellow.png]
[html.kodesolution.com/2024/sotech-html/index-2-yellow.html]
[html.kodesolution.com/2024/sotech-html/images/resource/icon-logo-4-yellow.png]
[html.kodesolution.com/2024/sotech-html/index-3-yellow.html]
[html.kodesolution.com/2024/sotech-html/images/icons/checked-yellow.png]
[html.kodesolution.com/2024/sotech-html/index-4-yellow.html]
[html.kodesolution.com/2024/sotech-html/css/style-dark.css]
[html.kodesolution.com/2024/sotech-html/index-dark.html]
[html.kodesolution.com/2024/sotech-html/images/icons/shape-tm-2-dark.jpg]
[html.kodesolution.com/2024/sotech-html/index-2-dark.html]
[html.kodesolution.com/2024/sotech-html/index-3-dark.html]
[html.kodesolution.com/2024/sotech-html/index-4-dark.html]
[html.kodesolution.com/2024/sotech-html/index-single.html]
[html.kodesolution.com/2024/sotech-html/index-2-single.html]
[html.kodesolution.com/2024/sotech-html/index-3-single.html]
[html.kodesolution.com/2024/sotech-html/index-4-single.html]
[html.kodesolution.com/2024/sotech-html/index-1-rtl.html]
[html.kodesolution.com/2024/sotech-html/css/style-rtl.css]
[html.kodesolution.com/2024/sotech-html/css/responsive.css]
[html.kodesolution.com/2024/sotech-html/intro/intro.css]
[html.kodesolution.com/2024/sotech-html/intro/rev/css/rs6.css]
[html.kodesolution.com/2024/sotech-html/intro/rev/js/rbtools.min.js]
[html.kodesolution.com/2024/sotech-html/intro/assets/transparent.png]
[html.kodesolution.com/2024/sotech-html/intro/banner-images/intro7.jpg]
[html.kodesolution.com/2024/sotech-html/intro/rev/js/rs6.min.js]
[html.kodesolution.com/2024/sotech-html/intro/banner-images/intro6.jpg]
[html.kodesolution.com/2024/sotech-html/intro/assets/logo-wide-white.png]
[html.kodesolution.com/2024/sotech-html/intro/banner-images/intro3.jpg]
[html.kodesolution.com/2024/sotech-html/intro/banner-images/intro5.jpg]
[html.kodesolution.com/2024/sotech-html/intro/banner-images/intro4.jpg]
[html.kodesolution.com/2024/sotech-html/intro/banner-images/intro2.jpg]
[html.kodesolution.com/2024/sotech-html/intro/banner-images/intro1.jpg]
[html.kodesolution.com/2024/sotech-html/intro/assets/header-bg-1.png]
[html.kodesolution.com/2024/sotech-html/intro/assets/slider-arrow.png]
[html.kodesolution.com/2024/sotech-html/intro/demo-images/home1.jpg]
[html.kodesolution.com/2024/sotech-html/intro/demo-images/home2.jpg]
[html.kodesolution.com/2024/sotech-html/intro/demo-images/home3.jpg]
[html.kodesolution.com/2024/sotech-html/intro/demo-images/home4.jpg]
[html.kodesolution.com/2024/sotech-html/intro/demo-images/home1-red.jpg]
[html.kodesolution.com/2024/sotech-html/intro/demo-images/home2-red.jpg]
[html.kodesolution.com/2024/sotech-html/intro/demo-images/home3-red.jpg]
[html.kodesolution.com/2024/sotech-html/intro/demo-images/home4-red.jpg]
[html.kodesolution.com/2024/sotech-html/intro/demo-images/home1-yellow.jpg]
[html.kodesolution.com/2024/sotech-html/intro/demo-images/home2-yellow.jpg]
[html.kodesolution.com/2024/sotech-html/intro/demo-images/home3-yellow.jpg]
[html.kodesolution.com/2024/sotech-html/intro/demo-images/home4-yellow.jpg]
[html.kodesolution.com/2024/sotech-html/intro/demo-images/home1-dark.jpg]
[html.kodesolution.com/2024/sotech-html/intro/demo-images/home2-dark.jpg]
[html.kodesolution.com/2024/sotech-html/intro/demo-images/home3-dark.jpg]
[html.kodesolution.com/2024/sotech-html/intro/demo-images/home4-dark.jpg]
[html.kodesolution.com/2024/sotech-html/intro/features/1.png]
[html.kodesolution.com/2024/sotech-html/intro/features/2.png]
[html.kodesolution.com/2024/sotech-html/intro/features/3.png]
[html.kodesolution.com/2024/sotech-html/intro/features/4.png]
[html.kodesolution.com/2024/sotech-html/intro/features/saas.svg]
[html.kodesolution.com/2024/sotech-html/intro/features/6.png]
[html.kodesolution.com/2024/sotech-html/intro/features/7.png]
[html.kodesolution.com/2024/sotech-html/intro/features/8.png]
[html.kodesolution.com/2024/sotech-html/intro/features/9.png]
[html.kodesolution.com/2024/sotech-html/intro/features/10.png]
[html.kodesolution.com/2024/sotech-html/intro/features/11.png]
[html.kodesolution.com/2024/sotech-html/intro/features/12.png]
[html.kodesolution.com/2024/sotech-html/intro/features/13.png]
[html.kodesolution.com/2024/sotech-html/intro/features/14.png]
[html.kodesolution.com/2024/sotech-html/intro/features/15.png]
[html.kodesolution.com/2024/sotech-html/intro/features/16.png]
[html.kodesolution.com/2024/sotech-html/images/background/2.jpg]
[html.kodesolution.com/2024/sotech-html/js/mixitup.js]
[html.kodesolution.com/2024/sotech-html/intro.html]
[html.kodesolution.com/2024/sotech-html/intro/intro.js]
[html.kodesolution.com/2024/sotech-html/images/background/page-title.jpg]
[html.kodesolution.com/2024/sotech-html/page-about.html]
[html.kodesolution.com/2024/sotech-html/page-projects.html]
[html.kodesolution.com/2024/sotech-html/images/resource/project-details.jpg]
[html.kodesolution.com/2024/sotech-html/page-project-details.html]
[html.kodesolution.com/2024/sotech-html/images/resource/team-1.jpg]
[html.kodesolution.com/2024/sotech-html/images/resource/team-2.jpg]
[html.kodesolution.com/2024/sotech-html/page-team.html]
[html.kodesolution.com/2024/sotech-html/images/resource/team-3.jpg]
[html.kodesolution.com/2024/sotech-html/images/resource/team-details.jpg]
[html.kodesolution.com/2024/sotech-html/js/jquery.validate.min.js]
[html.kodesolution.com/2024/sotech-html/page-team-details.html]
[html.kodesolution.com/2024/sotech-html/page-testimonial.html]
[html.kodesolution.com/2024/sotech-html/page-pricing.html]
[html.kodesolution.com/2024/sotech-html/js/jquery.form.min.js]
[html.kodesolution.com/2024/sotech-html/images/resource/pricing-1.png]
[html.kodesolution.com/2024/sotech-html/page-pricing-switcher.html]
[html.kodesolution.com/2024/sotech-html/page-faq.html]
[html.kodesolution.com/2024/sotech-html/images/resource/404.jpg]
[html.kodesolution.com/2024/sotech-html/page-404.html]
[html.kodesolution.com/2024/sotech-html/images/resource/service-1.jpg]
[html.kodesolution.com/2024/sotech-html/images/resource/service-2.jpg]
[html.kodesolution.com/2024/sotech-html/images/resource/service-3.jpg]
[html.kodesolution.com/2024/sotech-html/page-services.html]
[html.kodesolution.com/2024/sotech-html/images/resource/benefits.jpg]
[html.kodesolution.com/2024/sotech-html/images/resource/overlay-shape.png]
[html.kodesolution.com/2024/sotech-html/page-service-details.html]
[html.kodesolution.com/2024/sotech-html/images/resource/service-details.jpg]
[html.kodesolution.com/2024/sotech-html/images/resource/products/1.jpg]
[html.kodesolution.com/2024/sotech-html/images/resource/products/2.jpg]
[html.kodesolution.com/2024/sotech-html/images/resource/products/3.jpg]
[html.kodesolution.com/2024/sotech-html/images/resource/products/4.jpg]
[html.kodesolution.com/2024/sotech-html/images/resource/products/5.jpg]
[html.kodesolution.com/2024/sotech-html/images/resource/products/6.jpg]
[html.kodesolution.com/2024/sotech-html/images/resource/products/7.jpg]
[html.kodesolution.com/2024/sotech-html/images/resource/products/8.jpg]
[html.kodesolution.com/2024/sotech-html/shop-products.html]
[html.kodesolution.com/2024/sotech-html/js/jquery.countdown.js]
[html.kodesolution.com/2024/sotech-html/shop-details.html]
[html.kodesolution.com/2024/sotech-html/images/resource/products/thumb-1.jpg]
[html.kodesolution.com/2024/sotech-html/images/resource/products/thumb-2.jpg]
[html.kodesolution.com/2024/sotech-html/images/resource/products/thumb-3.jpg]
[html.kodesolution.com/2024/sotech-html/shop-products-sidebar.html]
[html.kodesolution.com/2024/sotech-html/images/resource/products/product-details.jpg]
[html.kodesolution.com/2024/sotech-html/images/resource/products/product-details2.jpg]
[html.kodesolution.com/2024/sotech-html/images/resource/products/product-details3.jpg]
[html.kodesolution.com/2024/sotech-html/shop-product-details.html]
[html.kodesolution.com/2024/sotech-html/shop-cart.html]
[html.kodesolution.com/2024/sotech-html/shop-checkout.html]
[html.kodesolution.com/2024/sotech-html/news-grid.html]
[html.kodesolution.com/2024/sotech-html/js/bxslider.js]
[html.kodesolution.com/2024/sotech-html/images/resource/news-details.jpg]
[html.kodesolution.com/2024/sotech-html/news-details.html]
[html.kodesolution.com/2024/sotech-html/page-contact.html]
[html.kodesolution.com/2024/sotech-html/css/animate.css]
[html.kodesolution.com/2024/sotech-html/css/owl.video.play.png]
[html.kodesolution.com/2024/sotech-html/css/owl.css]
[html.kodesolution.com/2024/sotech-html/css/swiper.min.css]
[html.kodesolution.com/2024/sotech-html/css/jquery.fancybox.min.css]
[html.kodesolution.com/2024/sotech-html/css/images/ui-icons_444444_256x240.png]
[html.kodesolution.com/2024/sotech-html/css/images/ui-icons_555555_256x240.png]
[html.kodesolution.com/2024/sotech-html/css/images/ui-icons_777620_256x240.png]
[html.kodesolution.com/2024/sotech-html/css/images/ui-icons_cc0000_256x240.png]
[html.kodesolution.com/2024/sotech-html/css/jquery-ui.css]
[html.kodesolution.com/2024/sotech-html/fonts/linearicons-free8429.eot]
[html.kodesolution.com/2024/sotech-html/fonts/linearicons-free8429.ttf]
[html.kodesolution.com/2024/sotech-html/fonts/linearicons-free8429.woff]
[html.kodesolution.com/2024/sotech-html/css/linear.css]
[html.kodesolution.com/2024/sotech-html/css/select2.min.css]
[html.kodesolution.com/2024/sotech-html/fonts/linearicons-free8429.svg]
[html.kodesolution.com/2024/sotech-html/fonts/fa-brands-400.eot]
[html.kodesolution.com/2024/sotech-html/fonts/fa-brands-400d41d.eot]
[html.kodesolution.com/2024/sotech-html/fonts/fa-brands-400.woff2]
[html.kodesolution.com/2024/sotech-html/fonts/fa-brands-400.woff]
[html.kodesolution.com/2024/sotech-html/fonts/fa-brands-400.ttf]
[html.kodesolution.com/2024/sotech-html/fonts/fa-brands-400.svg]
[html.kodesolution.com/2024/sotech-html/fonts/fa-regular-400.eot]
[html.kodesolution.com/2024/sotech-html/fonts/fa-regular-400d41d.eot]
[html.kodesolution.com/2024/sotech-html/fonts/fa-regular-400.woff2]
[html.kodesolution.com/2024/sotech-html/fonts/fa-regular-400.woff]
[html.kodesolution.com/2024/sotech-html/fonts/fa-regular-400.ttf]
[html.kodesolution.com/2024/sotech-html/fonts/fa-regular-400.svg]
[html.kodesolution.com/2024/sotech-html/fonts/fa-solid-900.eot]
[html.kodesolution.com/2024/sotech-html/fonts/fa-solid-900d41d.eot]
[html.kodesolution.com/2024/sotech-html/fonts/fa-solid-900.woff2]
[html.kodesolution.com/2024/sotech-html/fonts/fa-solid-900.woff]
[html.kodesolution.com/2024/sotech-html/fonts/fa-solid-900.ttf]
[html.kodesolution.com/2024/sotech-html/css/fontawesome-all.css]
[html.kodesolution.com/2024/sotech-html/fonts/fa-solid-900.svg]
[html.kodesolution.com/2024/sotech-html/fonts/flaticon-business.eot]
[html.kodesolution.com/2024/sotech-html/fonts/flaticon-businessd41d.eot]
[html.kodesolution.com/2024/sotech-html/fonts/flaticon-business.woff2]
[html.kodesolution.com/2024/sotech-html/fonts/flaticon-business.woff]
[html.kodesolution.com/2024/sotech-html/fonts/flaticon-business.ttf]
[html.kodesolution.com/2024/sotech-html/fonts/flaticon-business.svg]
[html.kodesolution.com/2024/sotech-html/css/fonts/flaticon-business.svg]
[html.kodesolution.com/2024/sotech-html/css/flaticon.css]
[html.kodesolution.com/2024/sotech-html/css/tm-bs-mp.css]
[html.kodesolution.com/2024/sotech-html/css/tm-utility-classes.css]
[html.kodesolution.com/2024/sotech-html/images/app3/pric-bg-globe-gray.html]
[html.kodesolution.com/2024/sotech-html/images/icons/pattern-3.html]
[html.kodesolution.com/2024/sotech-html/images/icons/cat-1-bg.html]
[html.kodesolution.com/2024/sotech-html/images/icons/cat-2-bg.html]
[html.kodesolution.com/2024/sotech-html/images/icons/cat-3-bg.html]
[html.kodesolution.com/2024/sotech-html/images/icons/cat-4-bg.html]
[html.kodesolution.com/2024/sotech-html/images/icons/shape-7.html]
[html.kodesolution.com/2024/sotech-html/plugins/revolution/fonts/revicons/revicons90c6.eot]
[html.kodesolution.com/2024/sotech-html/plugins/revolution/fonts/revicons/revicons90c6.woff]
[html.kodesolution.com/2024/sotech-html/plugins/revolution/fonts/revicons/revicons90c6.ttf]
[html.kodesolution.com/2024/sotech-html/plugins/revolution/fonts/revicons/revicons90c6.svg]
[html.kodesolution.com/2024/sotech-html/plugins/revolution/css/openhand.cur]
[html.kodesolution.com/2024/sotech-html/plugins/revolution/css/closedhand.cur]
[html.kodesolution.com/2024/sotech-html/plugins/revolution/assets/gridtile.png]
[html.kodesolution.com/2024/sotech-html/plugins/revolution/assets/gridtile_white.png]
[html.kodesolution.com/2024/sotech-html/plugins/revolution/assets/gridtile_3x3.png]
[html.kodesolution.com/2024/sotech-html/plugins/revolution/assets/gridtile_3x3_white.png]
[html.kodesolution.com/2024/sotech-html/plugins/revolution/assets/coloredbg.png]
[html.kodesolution.com/2024/sotech-html/plugins/revolution/assets/loader.gif]
[html.kodesolution.com/2024/sotech-html/plugins/revolution/css/settings.css]
[html.kodesolution.com/2024/sotech-html/plugins/revolution/css/layers.css]
[html.kodesolution.com/2024/sotech-html/plugins/revolution/css/navigation.css]
[html.kodesolution.com/2024/sotech-html/images/icons/icon-quote-red.png]
[html.kodesolution.com/2024/sotech-html/images/main-slider/shape-1-red.png]
[html.kodesolution.com/2024/sotech-html/images/main-slider/s3-shape-1-red.png]
[html.kodesolution.com/2024/sotech-html/images/main-slider/s2-shape-3-red.png]
[html.kodesolution.com/2024/sotech-html/images/icons/pattern-25-red.png]
[html.kodesolution.com/2024/sotech-html/images/icons/arrow-top-red.png]
[html.kodesolution.com/2024/sotech-html/images/icons/arrow-bottom-red.png]
[html.kodesolution.com/2024/sotech-html/images/icons/shape-tm-6-red.png]
[html.kodesolution.com/2024/sotech-html/images/icons/shape-tm-20-red.png]
[html.kodesolution.com/2024/sotech-html/images/icons/shape-tm-16-red.png]
[html.kodesolution.com/2024/sotech-html/images/icons/shape-tm-17-red.png]
[html.kodesolution.com/2024/sotech-html/images/icons/shape-tm-7-red.png]
[html.kodesolution.com/2024/sotech-html/images/icons/shape-tm-18-red.png]
[html.kodesolution.com/2024/sotech-html/images/icons/shape-tm-19-red.png]
[html.kodesolution.com/2024/sotech-html/images/icons/bg-shape-tm-1-red.png]
[html.kodesolution.com/2024/sotech-html/images/icons/shape-tm-1-red.png]
[html.kodesolution.com/2024/sotech-html/images/icons/shape-tm-9-red.png]
[html.kodesolution.com/2024/sotech-html/images/icons/shape-tm-13-red.png]
[html.kodesolution.com/2024/sotech-html/images/icons/bg-shape-tm-2-red.png]
[html.kodesolution.com/2024/sotech-html/images/icons/shape-tm-11-red.png]
[html.kodesolution.com/2024/sotech-html/images/icons/pattern-tm-1-red.png]
[html.kodesolution.com/2024/sotech-html/css/style-color-red.css]
[html.kodesolution.com/2024/sotech-html/images/icons/icon-quote-yellow.png]
[html.kodesolution.com/2024/sotech-html/images/main-slider/shape-1-yellow.png]
[html.kodesolution.com/2024/sotech-html/images/main-slider/s3-shape-1-yellow.png]
[html.kodesolution.com/2024/sotech-html/images/main-slider/s2-shape-3-yellow.png]
[html.kodesolution.com/2024/sotech-html/images/icons/pattern-25-yellow.png]
[html.kodesolution.com/2024/sotech-html/images/icons/arrow-top-yellow.png]
[html.kodesolution.com/2024/sotech-html/images/icons/arrow-bottom-yellow.png]
[html.kodesolution.com/2024/sotech-html/images/icons/shape-tm-16-yellow.png]
[html.kodesolution.com/2024/sotech-html/images/icons/shape-tm-17-yellow.png]
[html.kodesolution.com/2024/sotech-html/images/icons/shape-tm-20-yellow.png]
[html.kodesolution.com/2024/sotech-html/images/icons/shape-tm-7-yellow.png]
[html.kodesolution.com/2024/sotech-html/images/icons/shape-tm-18-yellow.png]
[html.kodesolution.com/2024/sotech-html/images/icons/shape-tm-19-yellow.png]
[html.kodesolution.com/2024/sotech-html/images/icons/bg-shape-tm-1-yellow.png]
[html.kodesolution.com/2024/sotech-html/images/icons/shape-tm-1-yellow.png]
[html.kodesolution.com/2024/sotech-html/images/icons/shape-tm-9-yellow.png]
[html.kodesolution.com/2024/sotech-html/images/icons/shape-tm-13-yellow.png]
[html.kodesolution.com/2024/sotech-html/images/icons/bg-shape-tm-2-yellow.png]
[html.kodesolution.com/2024/sotech-html/images/icons/shape-tm-11-yellow.png]
[html.kodesolution.com/2024/sotech-html/images/icons/pattern-tm-1-yellow.png]
[html.kodesolution.com/2024/sotech-html/css/style-color-yellow.css]
[html.kodesolution.com/2024/sotech-html/images/icons/icon-dots-3-dark.png]
[html.kodesolution.com/2024/sotech-html/css/style-dark.css]
[html.kodesolution.com/2024/sotech-html/images/icons/bg-shape-tm-3-dark.png]
[html.kodesolution.com/2024/sotech-html/css/style-rtl.css]
[html.kodesolution.com/2024/sotech-html/css/responsive.html]
[html.kodesolution.com/2024/sotech-html/intro/intro.css]
[html.kodesolution.com/2024/sotech-html/intro/rev/fonts/revicons/revicons90c6.eot]
[html.kodesolution.com/2024/sotech-html/intro/rev/fonts/revicons/revicons90c6.woff]
[html.kodesolution.com/2024/sotech-html/intro/rev/fonts/revicons/revicons90c6.ttf]
[html.kodesolution.com/2024/sotech-html/intro/rev/fonts/revicons/revicons90c6.svg]
[html.kodesolution.com/2024/sotech-html/intro/rev/css/openhand.cur]
[html.kodesolution.com/2024/sotech-html/intro/rev/css/closedhand.cur]
[html.kodesolution.com/2024/sotech-html/intro/rev/assets/gridtile.png]
[html.kodesolution.com/2024/sotech-html/intro/rev/assets/gridtile_white.png]
[html.kodesolution.com/2024/sotech-html/intro/rev/assets/gridtile_3x3.png]
[html.kodesolution.com/2024/sotech-html/intro/rev/assets/gridtile_3x3_white.png]
[html.kodesolution.com/2024/sotech-html/intro/rev/assets/coloredbg.png]
[html.kodesolution.com/2024/sotech-html/intro/rev/assets/loader.gif]
[html.kodesolution.com/2024/sotech-html/intro/rev/css/rs6.css]
[html.kodesolution.com/2024/sotech-html/intro/features/saas.svg]
[html.kodesolution.com/2024/sotech-html/shop-details.html]
[html.kodesolution.com/2024/sotech-html/css/owl.video.play.html]
[html.kodesolution.com/2024/sotech-html/css/images/ui-icons_777620_256x240.html]
[html.kodesolution.com/2024/sotech-html/css/images/ui-icons_cc0000_256x240.html]
[html.kodesolution.com/2024/sotech-html/fonts/linearicons-free8429.svg]
[html.kodesolution.com/2024/sotech-html/fonts/fa-brands-400.svg]
[html.kodesolution.com/2024/sotech-html/fonts/fa-regular-400.svg]
[html.kodesolution.com/2024/sotech-html/fonts/fa-solid-900.svg]
[html.kodesolution.com/2024/sotech-html/fonts/flaticon-business.html]
[html.kodesolution.com/2024/sotech-html/fonts/flaticon-businessd41d.html]
[html.kodesolution.com/2024/sotech-html/fonts/flaticon-business.svg]
[html.kodesolution.com/2024/sotech-html/css/fonts/flaticon-business.html]
[html.kodesolution.com/2024/sotech-html/plugins/revolution/fonts/revicons/revicons90c6.svg]
[html.kodesolution.com/2024/sotech-html/intro/rev/fonts/revicons/revicons90c6.svg]
[html.kodesolution.com/2024/sotech-html/intro/rev/css/openhand.html]
[html.kodesolution.com/2024/sotech-html/intro/rev/css/closedhand.html]
[html.kodesolution.com/2024/sotech-html/intro/rev/assets/gridtile.html]
[html.kodesolution.com/2024/sotech-html/intro/rev/assets/gridtile_white.html]
[html.kodesolution.com/2024/sotech-html/intro/rev/assets/gridtile_3x3.html]
[html.kodesolution.com/2024/sotech-html/intro/rev/assets/gridtile_3x3_white.html]
[html.kodesolution.com/2024/sotech-html/intro/rev/assets/coloredbg.html]
[html.kodesolution.com/2024/sotech-html/intro/rev/assets/loader.html]
